------------------------------------------------------------
TimeQuest Timing Analyzer Summary
------------------------------------------------------------

Type  : Slow 1200mV 100C Model Setup 'sdram_clk'
Slack : -4.390
TNS   : -135.232

Type  : Slow 1200mV 100C Model Setup 'u_clkrst|u_pll|altpll_component|auto_generated|pll1|clk[0]'
Slack : -3.084
TNS   : -1201.420

Type  : Slow 1200mV 100C Model Setup 'u_clkrst|u_pll|altpll_component|auto_generated|pll1|clk[1]'
Slack : -1.291
TNS   : -49.497

Type  : Slow 1200mV 100C Model Hold 'u_clkrst|u_pll|altpll_component|auto_generated|pll1|clk[1]'
Slack : 0.329
TNS   : 0.000

Type  : Slow 1200mV 100C Model Hold 'u_clkrst|u_pll|altpll_component|auto_generated|pll1|clk[0]'
Slack : 0.399
TNS   : 0.000

Type  : Slow 1200mV 100C Model Hold 'sdram_clk'
Slack : 1.898
TNS   : 0.000

Type  : Slow 1200mV 100C Model Recovery 'u_clkrst|u_pll|altpll_component|auto_generated|pll1|clk[0]'
Slack : 0.618
TNS   : 0.000

Type  : Slow 1200mV 100C Model Recovery 'u_clkrst|u_pll|altpll_component|auto_generated|pll1|clk[1]'
Slack : 2.881
TNS   : 0.000

Type  : Slow 1200mV 100C Model Removal 'u_clkrst|u_pll|altpll_component|auto_generated|pll1|clk[1]'
Slack : 1.751
TNS   : 0.000

Type  : Slow 1200mV 100C Model Removal 'u_clkrst|u_pll|altpll_component|auto_generated|pll1|clk[0]'
Slack : 1.785
TNS   : 0.000

Type  : Slow 1200mV 100C Model Minimum Pulse Width 'sdram_clk'
Slack : 1.850
TNS   : 0.000

Type  : Slow 1200mV 100C Model Minimum Pulse Width 'u_clkrst|u_pll|altpll_component|auto_generated|pll1|clk[2]'
Slack : 1.850
TNS   : 0.000

Type  : Slow 1200mV 100C Model Minimum Pulse Width 'u_clkrst|u_pll|altpll_component|auto_generated|pll1|clk[1]'
Slack : 2.060
TNS   : 0.000

Type  : Slow 1200mV 100C Model Minimum Pulse Width 'u_clkrst|u_pll|altpll_component|auto_generated|pll1|clk[0]'
Slack : 2.350
TNS   : 0.000

Type  : Slow 1200mV 100C Model Minimum Pulse Width 'clk'
Slack : 18.398
TNS   : 0.000

Type  : Slow 1200mV -40C Model Setup 'sdram_clk'
Slack : -3.228
TNS   : -89.530

Type  : Slow 1200mV -40C Model Setup 'u_clkrst|u_pll|altpll_component|auto_generated|pll1|clk[0]'
Slack : -2.077
TNS   : -467.881

Type  : Slow 1200mV -40C Model Setup 'u_clkrst|u_pll|altpll_component|auto_generated|pll1|clk[1]'
Slack : -0.436
TNS   : -7.426

Type  : Slow 1200mV -40C Model Hold 'u_clkrst|u_pll|altpll_component|auto_generated|pll1|clk[1]'
Slack : 0.327
TNS   : 0.000

Type  : Slow 1200mV -40C Model Hold 'u_clkrst|u_pll|altpll_component|auto_generated|pll1|clk[0]'
Slack : 0.329
TNS   : 0.000

Type  : Slow 1200mV -40C Model Hold 'sdram_clk'
Slack : 1.489
TNS   : 0.000

Type  : Slow 1200mV -40C Model Recovery 'u_clkrst|u_pll|altpll_component|auto_generated|pll1|clk[0]'
Slack : 0.933
TNS   : 0.000

Type  : Slow 1200mV -40C Model Recovery 'u_clkrst|u_pll|altpll_component|auto_generated|pll1|clk[1]'
Slack : 3.341
TNS   : 0.000

Type  : Slow 1200mV -40C Model Removal 'u_clkrst|u_pll|altpll_component|auto_generated|pll1|clk[1]'
Slack : 1.493
TNS   : 0.000

Type  : Slow 1200mV -40C Model Removal 'u_clkrst|u_pll|altpll_component|auto_generated|pll1|clk[0]'
Slack : 1.529
TNS   : 0.000

Type  : Slow 1200mV -40C Model Minimum Pulse Width 'sdram_clk'
Slack : 1.850
TNS   : 0.000

Type  : Slow 1200mV -40C Model Minimum Pulse Width 'u_clkrst|u_pll|altpll_component|auto_generated|pll1|clk[2]'
Slack : 1.850
TNS   : 0.000

Type  : Slow 1200mV -40C Model Minimum Pulse Width 'u_clkrst|u_pll|altpll_component|auto_generated|pll1|clk[1]'
Slack : 2.060
TNS   : 0.000

Type  : Slow 1200mV -40C Model Minimum Pulse Width 'u_clkrst|u_pll|altpll_component|auto_generated|pll1|clk[0]'
Slack : 2.411
TNS   : 0.000

Type  : Slow 1200mV -40C Model Minimum Pulse Width 'clk'
Slack : 18.408
TNS   : 0.000

Type  : Fast 1200mV -40C Model Setup 'sdram_clk'
Slack : 0.317
TNS   : 0.000

Type  : Fast 1200mV -40C Model Setup 'u_clkrst|u_pll|altpll_component|auto_generated|pll1|clk[0]'
Slack : 1.842
TNS   : 0.000

Type  : Fast 1200mV -40C Model Setup 'u_clkrst|u_pll|altpll_component|auto_generated|pll1|clk[1]'
Slack : 2.705
TNS   : 0.000

Type  : Fast 1200mV -40C Model Hold 'u_clkrst|u_pll|altpll_component|auto_generated|pll1|clk[1]'
Slack : 0.117
TNS   : 0.000

Type  : Fast 1200mV -40C Model Hold 'u_clkrst|u_pll|altpll_component|auto_generated|pll1|clk[0]'
Slack : 0.172
TNS   : 0.000

Type  : Fast 1200mV -40C Model Hold 'sdram_clk'
Slack : 0.260
TNS   : 0.000

Type  : Fast 1200mV -40C Model Recovery 'u_clkrst|u_pll|altpll_component|auto_generated|pll1|clk[0]'
Slack : 1.885
TNS   : 0.000

Type  : Fast 1200mV -40C Model Recovery 'u_clkrst|u_pll|altpll_component|auto_generated|pll1|clk[1]'
Slack : 4.509
TNS   : 0.000

Type  : Fast 1200mV -40C Model Removal 'u_clkrst|u_pll|altpll_component|auto_generated|pll1|clk[1]'
Slack : 0.843
TNS   : 0.000

Type  : Fast 1200mV -40C Model Removal 'u_clkrst|u_pll|altpll_component|auto_generated|pll1|clk[0]'
Slack : 0.863
TNS   : 0.000

Type  : Fast 1200mV -40C Model Minimum Pulse Width 'sdram_clk'
Slack : 2.060
TNS   : 0.000

Type  : Fast 1200mV -40C Model Minimum Pulse Width 'u_clkrst|u_pll|altpll_component|auto_generated|pll1|clk[2]'
Slack : 2.060
TNS   : 0.000

Type  : Fast 1200mV -40C Model Minimum Pulse Width 'u_clkrst|u_pll|altpll_component|auto_generated|pll1|clk[1]'
Slack : 2.754
TNS   : 0.000

Type  : Fast 1200mV -40C Model Minimum Pulse Width 'u_clkrst|u_pll|altpll_component|auto_generated|pll1|clk[0]'
Slack : 2.757
TNS   : 0.000

Type  : Fast 1200mV -40C Model Minimum Pulse Width 'clk'
Slack : 18.148
TNS   : 0.000

------------------------------------------------------------
